>>> matrix_divided([[1, 2], [3, 4]], 2)
[[0.5, 1.0], [1.5, 2.0]]

>>> matrix_divided([[2, 4, 6], [8, 10, 12]], 2)
[[1.0, 2.0, 3.0], [4.0, 5.0, 6.0]]

>>> matrix_divided([[3.0, 6.0], [9.0, 12.0]], 3.0)
[[1.0, 2.0], [3.0, 4.0]]

>>> matrix_divided([[1, 2], [3, 4]], 0)
Traceback (most recent call last):
    ...
ZeroDivisionError: division by zero

>>> matrix_divided([[1, 2], [3, '4']], 2)
Traceback (most recent call last):
    ...
TypeError: matrix must be matrix (list of lists) of integers/floats

>>> matrix_divided([[1, 2], [3]], 2)
Traceback (most recent call last):
    ...
TypeError: Each row of the matrix must have the same size

>>> matrix_divided("not a matrix", 2)
Traceback (most recent call last):
    ...
TypeError: matrix must be matrix (list of lists) of integers/floats
